[unicoderbd.com/template/bigbazar/index-cosmetic-store.html]
[backblue.gif]
[fade.gif]
[index.html]
[unicoderbd.com/template/bigbazar/assets/images/favicon.png]
[unicoderbd.com/template/bigbazar/assets/css/bootstrap.min.css]
[unicoderbd.com/template/bigbazar/assets/css/all.min.css]
[unicoderbd.com/template/bigbazar/assets/css/animate.min.css]
[unicoderbd.com/template/bigbazar/assets/webfonts/flaticon/flaticon.css]
[unicoderbd.com/template/bigbazar/assets/css/owl.carousel.min.css]
[unicoderbd.com/template/bigbazar/assets/css/jquery.fancybox.min.css]
[unicoderbd.com/template/bigbazar/assets/css/layerslider.css]
[unicoderbd.com/template/bigbazar/assets/css/template.css]
[unicoderbd.com/template/bigbazar/assets/css/style.css]
[unicoderbd.com/template/bigbazar/assets/css/category/cosmetic-store.css]
[unicoderbd.com/template/bigbazar/help-center.html]
[unicoderbd.com/template/bigbazar/my-account.html]
[unicoderbd.com/template/bigbazar/checkout.html]
[unicoderbd.com/template/bigbazar/wishlist.html]
[unicoderbd.com/template/bigbazar/assets/images/logo/10.png]
[unicoderbd.com/template/bigbazar/index.html]
[unicoderbd.com/template/bigbazar/index-minimal.html]
[unicoderbd.com/template/bigbazar/index-watches.html]
[unicoderbd.com/template/bigbazar/index-fatloss.html]
[unicoderbd.com/template/bigbazar/index-handicruft.html]
[unicoderbd.com/template/bigbazar/index-food-corner.html]
[unicoderbd.com/template/bigbazar/index-classic.html]
[unicoderbd.com/template/bigbazar/index-optical-shop.html]
[unicoderbd.com/template/bigbazar/index-furniture-store.html]
[unicoderbd.com/template/bigbazar/index-grocery-store.html]
[unicoderbd.com/template/bigbazar/index-women-fashion.html]
[unicoderbd.com/template/bigbazar/index-pet-shop.html]
[unicoderbd.com/template/bigbazar/index-man-fashion.html]
[unicoderbd.com/template/bigbazar/index-electronic.html]
[unicoderbd.com/template/bigbazar/index-standard.html]
[unicoderbd.com/template/bigbazar/shop-grid-full.html]
[unicoderbd.com/template/bigbazar/shop-grid-left-sidebar.html]
[unicoderbd.com/template/bigbazar/shop-grid-left-sidebar-1.html]
[unicoderbd.com/template/bigbazar/shop-grid-left-sidebar-2.html]
[unicoderbd.com/template/bigbazar/shop-grid-left-sidebar-3.html]
[unicoderbd.com/template/bigbazar/shop-grid-right-sidebar-1.html]
[unicoderbd.com/template/bigbazar/shop-grid-right-sidebar-2.html]
[unicoderbd.com/template/bigbazar/shop-grid-right-sidebar-3.html]
[unicoderbd.com/template/bigbazar/shop-list-full.html]
[unicoderbd.com/template/bigbazar/shop-list-left-sidebar.html]
[unicoderbd.com/template/bigbazar/shop-list-left-sidebar-1.html]
[unicoderbd.com/template/bigbazar/shop-list-left-sidebar-2.html]
[unicoderbd.com/template/bigbazar/shop-list-left-sidebar-3.html]
[unicoderbd.com/template/bigbazar/shop-list-right-sidebar-1.html]
[unicoderbd.com/template/bigbazar/shop-list-right-sidebar-2.html]
[unicoderbd.com/template/bigbazar/shop-list-right-sidebar-3.html]
[unicoderbd.com/template/bigbazar/cart.html]
[unicoderbd.com/template/bigbazar/registration.html]
[unicoderbd.com/template/bigbazar/single-shop.html]
[unicoderbd.com/template/bigbazar/single-shop-2.html]
[unicoderbd.com/template/bigbazar/single-shop-3.html]
[unicoderbd.com/template/bigbazar/hover-bg-light.html]
[unicoderbd.com/template/bigbazar/hover-shadow-active.html]
[unicoderbd.com/template/bigbazar/hover-image-zoom.html]
[unicoderbd.com/template/bigbazar/hover-btn-slide-1.html]
[unicoderbd.com/template/bigbazar/hover-btn-slide-2.html]
[unicoderbd.com/template/bigbazar/hover-btn-slide-3.html]
[unicoderbd.com/template/bigbazar/portfolio-filter-column-four.html]
[unicoderbd.com/template/bigbazar/portfolio-column-three.html]
[unicoderbd.com/template/bigbazar/portfolio-column-four.html]
[unicoderbd.com/template/bigbazar/portfolio-full-width.html]
[unicoderbd.com/template/bigbazar/portfolio-filter-column-three.html]
[unicoderbd.com/template/bigbazar/portfolio-single-slider-layout.html]
[unicoderbd.com/template/bigbazar/general-support.html]
[unicoderbd.com/template/bigbazar/how-it-work.html]
[unicoderbd.com/template/bigbazar/support-article-details.html]
[unicoderbd.com/template/bigbazar/terms-and-condition.html]
[unicoderbd.com/template/bigbazar/about-owner.html]
[unicoderbd.com/template/bigbazar/about.html]
[unicoderbd.com/template/bigbazar/about-2.html]
[unicoderbd.com/template/bigbazar/service.html]
[unicoderbd.com/template/bigbazar/gallery.html]
[unicoderbd.com/template/bigbazar/404.html]
[unicoderbd.com/template/bigbazar/blog-grid-left-sidebar.html]
[unicoderbd.com/template/bigbazar/blog-grid-modern.html]
[unicoderbd.com/template/bigbazar/blog-grid-right-sidebar.html]
[unicoderbd.com/template/bigbazar/blog-list-modern.html]
[unicoderbd.com/template/bigbazar/blog-list-left-sidebar.html]
[unicoderbd.com/template/bigbazar/blog-list-right-sidebar.html]
[unicoderbd.com/template/bigbazar/blog-single-modern.html]
[unicoderbd.com/template/bigbazar/blog-single-left-sidebar.html]
[unicoderbd.com/template/bigbazar/blog-single-right-sidebar.html]
[unicoderbd.com/template/bigbazar/blog-missionary-grid.html]
[unicoderbd.com/template/bigbazar/blog-video-grid.html]
[unicoderbd.com/template/bigbazar/element-product-grid-view.html]
[unicoderbd.com/template/bigbazar/element-product-list-view.html]
[unicoderbd.com/template/bigbazar/element-carousel.html]
[unicoderbd.com/template/bigbazar/element-typography.html]
[unicoderbd.com/template/bigbazar/element-tab.html]
[unicoderbd.com/template/bigbazar/element-banner.html]
[unicoderbd.com/template/bigbazar/element-accordions.html]
[unicoderbd.com/template/bigbazar/element-flash-deal.html]
[unicoderbd.com/template/bigbazar/element-product-category.html]
[unicoderbd.com/template/bigbazar/element-countdown.html]
[unicoderbd.com/template/bigbazar/contact.html]
[unicoderbd.com/template/bigbazar/assets/images/products/squire-95.png]
[unicoderbd.com/template/bigbazar/assets/images/products/squire-105.png]
[unicoderbd.com/template/bigbazar/assets/images/banner/49.png]
[unicoderbd.com/template/bigbazar/assets/images/banner/13.png]
[unicoderbd.com/template/bigbazar/assets/images/slider/22.png]
[unicoderbd.com/template/bigbazar/assets/images/banner/58.png]
[unicoderbd.com/template/bigbazar/assets/images/banner/59.png]
[unicoderbd.com/template/bigbazar/assets/images/banner/60.png]
[unicoderbd.com/template/bigbazar/assets/images/banner/61.png]
[unicoderbd.com/template/bigbazar/assets/images/banner/62.png]
[unicoderbd.com/template/bigbazar/assets/images/products/squire-216.png]
[unicoderbd.com/template/bigbazar/assets/images/products/squire-217.png]
[unicoderbd.com/template/bigbazar/assets/images/products/squire-218.png]
[unicoderbd.com/template/bigbazar/assets/images/products/squire-219.png]
[unicoderbd.com/template/bigbazar/assets/images/products/squire-220.png]
[unicoderbd.com/template/bigbazar/assets/images/background/1.png]
[unicoderbd.com/template/bigbazar/assets/images/products/squire-221.png]
[unicoderbd.com/template/bigbazar/assets/images/products/squire-222.png]
[unicoderbd.com/template/bigbazar/assets/images/products/squire-223.png]
[unicoderbd.com/template/bigbazar/assets/images/products/squire-224.png]
[unicoderbd.com/template/bigbazar/assets/images/products/squire-225.png]
[unicoderbd.com/template/bigbazar/assets/images/products/squire-226.png]
[unicoderbd.com/template/bigbazar/assets/images/products/squire-227.png]
[unicoderbd.com/template/bigbazar/assets/images/products/squire-228.png]
[unicoderbd.com/template/bigbazar/assets/images/banner/63.png]
[unicoderbd.com/template/bigbazar/assets/images/banner/64.png]
[unicoderbd.com/template/bigbazar/assets/images/products/squire-229.png]
[unicoderbd.com/template/bigbazar/assets/images/products/squire-230.png]
[unicoderbd.com/template/bigbazar/assets/images/products/squire-231.png]
[unicoderbd.com/template/bigbazar/assets/images/products/squire-232.png]
[unicoderbd.com/template/bigbazar/assets/images/products/squire-233.png]
[unicoderbd.com/template/bigbazar/assets/images/products/squire-234.png]
[unicoderbd.com/template/bigbazar/assets/images/products/squire-235.png]
[unicoderbd.com/template/bigbazar/assets/images/products/squire-236.png]
[unicoderbd.com/template/bigbazar/assets/images/logo/white.png]
[unicoderbd.com/template/bigbazar/assets/images/cards/1.png]
[unicoderbd.com/template/bigbazar/assets/images/cards/2.png]
[unicoderbd.com/template/bigbazar/assets/images/cards/3.png]
[unicoderbd.com/template/bigbazar/assets/images/cards/4.png]
[unicoderbd.com/template/bigbazar/assets/js/jquery.min.js]
[unicoderbd.com/template/bigbazar/assets/js/layerslider.transitions.js]
[unicoderbd.com/template/bigbazar/assets/js/greensock.js]
[unicoderbd.com/template/bigbazar/assets/js/layerslider.kreaturamedia.jquery.js]
[unicoderbd.com/template/bigbazar/assets/js/popper.min.js]
[unicoderbd.com/template/bigbazar/assets/js/bootstrap.min.js]
[unicoderbd.com/template/bigbazar/assets/js/jquery.fancybox.min.js]
[unicoderbd.com/template/bigbazar/assets/js/owl.carousel.min.js]
[unicoderbd.com/template/bigbazar/assets/js/wow.js]
[unicoderbd.com/template/bigbazar/assets/js/jquery.countdown.js]
[unicoderbd.com/template/bigbazar/assets/js/custom.js]
[unicoderbd.com/template/bigbazar/index-cosmetic-store.html]
[unicoderbd.com/template/bigbazar/assets/css/bootstrap.min.css]
[unicoderbd.com/template/bigbazar/assets/webfonts/fa-brands-400.eot]
[unicoderbd.com/template/bigbazar/assets/webfonts/fa-brands-400d41d.eot]
[unicoderbd.com/template/bigbazar/assets/webfonts/fa-brands-400.woff2]
[unicoderbd.com/template/bigbazar/assets/webfonts/fa-brands-400.woff]
[unicoderbd.com/template/bigbazar/assets/webfonts/fa-brands-400.ttf]
[unicoderbd.com/template/bigbazar/assets/webfonts/fa-regular-400.eot]
[unicoderbd.com/template/bigbazar/assets/webfonts/fa-regular-400d41d.eot]
[unicoderbd.com/template/bigbazar/assets/webfonts/fa-brands-400.svg]
[unicoderbd.com/template/bigbazar/assets/webfonts/fa-regular-400.woff2]
[unicoderbd.com/template/bigbazar/assets/webfonts/fa-regular-400.woff]
[unicoderbd.com/template/bigbazar/assets/webfonts/fa-regular-400.ttf]
[unicoderbd.com/template/bigbazar/assets/webfonts/fa-regular-400.svg]
[unicoderbd.com/template/bigbazar/assets/webfonts/fa-solid-900.eot]
[unicoderbd.com/template/bigbazar/assets/webfonts/fa-solid-900d41d.eot]
[unicoderbd.com/template/bigbazar/assets/webfonts/fa-solid-900.woff2]
[unicoderbd.com/template/bigbazar/assets/webfonts/fa-solid-900.woff]
[unicoderbd.com/template/bigbazar/assets/webfonts/fa-solid-900.ttf]
[unicoderbd.com/template/bigbazar/assets/css/all.min.css]
[unicoderbd.com/template/bigbazar/assets/css/animate.min.css]
[unicoderbd.com/template/bigbazar/assets/webfonts/flaticon/flaticonb7d3.ttf]
[unicoderbd.com/template/bigbazar/assets/webfonts/fa-solid-900.svg]
[unicoderbd.com/template/bigbazar/assets/webfonts/flaticon/flaticonb7d3.woff]
[unicoderbd.com/template/bigbazar/assets/webfonts/flaticon/flaticonb7d3.woff2]
[unicoderbd.com/template/bigbazar/assets/webfonts/flaticon/flaticonb7d3.eot]
[unicoderbd.com/template/bigbazar/assets/webfonts/flaticon/flaticon.css]
[unicoderbd.com/template/bigbazar/assets/css/owl.carousel.min.css]
[unicoderbd.com/template/bigbazar/assets/css/jquery.fancybox.min.css]
[unicoderbd.com/template/bigbazar/assets/webfonts/flaticon/flaticonb7d3.svg]
[unicoderbd.com/template/bigbazar/assets/img/icon-muted-white.png]
[unicoderbd.com/template/bigbazar/assets/img/icon-unmuted-white.png]
[unicoderbd.com/template/bigbazar/assets/css/layerslider.css]
[unicoderbd.com/template/bigbazar/assets/css/template.css]
[unicoderbd.com/template/bigbazar/assets/images/icon/chevron-down.png]
[unicoderbd.com/template/bigbazar/assets/images/shape/4.png]
[unicoderbd.com/template/bigbazar/assets/css/style.css]
[unicoderbd.com/template/bigbazar/assets/css/category/cosmetic-store.css]
[unicoderbd.com/template/bigbazar/assets/css/category/default.css]
[unicoderbd.com/template/bigbazar/assets/images/logo/17.png]
[unicoderbd.com/template/bigbazar/assets/images/logo/1.png]
[unicoderbd.com/template/bigbazar/assets/images/background/4.png]
[unicoderbd.com/template/bigbazar/assets/images/logo/4.png]
[unicoderbd.com/template/bigbazar/help-center.html]
[unicoderbd.com/template/bigbazar/assets/js/mixitup.min.js]
[unicoderbd.com/template/bigbazar/assets/css/category/minimal.css]
[unicoderbd.com/template/bigbazar/faq.html]
[unicoderbd.com/template/bigbazar/my-account.html]
[www.paypalobjects.com/webstatic/mktg/Logo/AM_mc_vs_ms_ae_UK.png]
[unicoderbd.com/template/bigbazar/checkout.html]
[unicoderbd.com/template/bigbazar/assets/images/products/squire-1.png]
[unicoderbd.com/template/bigbazar/wishlist21cc.html]
[unicoderbd.com/template/bigbazar/assets/images/products/squire-10.png]
[unicoderbd.com/template/bigbazar/assets/images/products/squire-4.png]
[unicoderbd.com/template/bigbazar/assets/images/products/squire-40.png]
[unicoderbd.com/template/bigbazar/assets/images/products/squire-5.png]
[unicoderbd.com/template/bigbazar/wishlist48d5.html]
[unicoderbd.com/template/bigbazar/assets/images/products/squire-53.png]
[unicoderbd.com/template/bigbazar/wishlist.html]
[unicoderbd.com/template/bigbazar/assets/css/category/landing-page.css]
[unicoderbd.com/template/bigbazar/assets/images/envato.png]
[unicoderbd.com/template/bigbazar/assets/images/logo/18.png]
[unicoderbd.com/template/bigbazar/assets/images/slider/landing_bg.png]
[unicoderbd.com/template/bigbazar/assets/images/demos/1.png]
[unicoderbd.com/template/bigbazar/assets/images/demos/12.png]
[unicoderbd.com/template/bigbazar/assets/images/demos/2.png]
[unicoderbd.com/template/bigbazar/assets/images/demos/3.png]
[unicoderbd.com/template/bigbazar/assets/images/demos/4.png]
[unicoderbd.com/template/bigbazar/assets/images/demos/5.png]
[unicoderbd.com/template/bigbazar/assets/images/demos/6.png]
[unicoderbd.com/template/bigbazar/assets/images/demos/7.png]
[unicoderbd.com/template/bigbazar/assets/images/demos/8.png]
[unicoderbd.com/template/bigbazar/assets/images/demos/9.png]
[unicoderbd.com/template/bigbazar/assets/images/demos/10.png]
[unicoderbd.com/template/bigbazar/assets/images/demos/11.png]
[unicoderbd.com/template/bigbazar/assets/images/demos/13.png]
[unicoderbd.com/template/bigbazar/assets/images/demos/14.png]
[unicoderbd.com/template/bigbazar/assets/images/demos/coming-soon.png]
[unicoderbd.com/template/bigbazar/assets/images/background/3.png]
[unicoderbd.com/template/bigbazar/assets/images/1.png]
[unicoderbd.com/template/bigbazar/assets/images/icon/13.png]
[unicoderbd.com/template/bigbazar/assets/images/icon/14.png]
[unicoderbd.com/template/bigbazar/assets/images/icon/15.png]
[unicoderbd.com/template/bigbazar/assets/images/icon/16.png]
[unicoderbd.com/template/bigbazar/assets/images/icon/5.png]
[unicoderbd.com/template/bigbazar/assets/images/icon/6.png]
[unicoderbd.com/template/bigbazar/assets/images/icon/7.png]
[unicoderbd.com/template/bigbazar/assets/images/icon/8.png]
[unicoderbd.com/template/bigbazar/assets/images/icon/9.png]
[unicoderbd.com/template/bigbazar/assets/images/icon/10.png]
[unicoderbd.com/template/bigbazar/assets/images/icon/11.png]
[unicoderbd.com/template/bigbazar/assets/images/icon/12.png]
[unicoderbd.com/template/bigbazar/assets/images/background/oh_bg-min.png]
[unicoderbd.com/template/bigbazar/assets/js/paraxify.js]
[unicoderbd.com/template/bigbazar/index.html]
[unicoderbd.com/template/bigbazar/assets/images/slider/41.png]
[unicoderbd.com/template/bigbazar/assets/images/slider/42.png]
[unicoderbd.com/template/bigbazar/assets/images/products/category-9.png]
[unicoderbd.com/template/bigbazar/assets/images/products/category-10.png]
[unicoderbd.com/template/bigbazar/assets/images/products/category-11.png]
[unicoderbd.com/template/bigbazar/assets/images/products/category-12.png]
[unicoderbd.com/template/bigbazar/assets/images/products/category-13.png]
[unicoderbd.com/template/bigbazar/assets/images/products/category-14.png]
[unicoderbd.com/template/bigbazar/assets/images/banner/84.png]
[unicoderbd.com/template/bigbazar/assets/images/banner/85.png]
[unicoderbd.com/template/bigbazar/assets/images/banner/86.png]
[unicoderbd.com/template/bigbazar/assets/images/products/height-4.png]
[unicoderbd.com/template/bigbazar/assets/images/products/height-5.png]
[unicoderbd.com/template/bigbazar/assets/images/products/height-6.png]
[unicoderbd.com/template/bigbazar/assets/images/products/height-7.png]
[unicoderbd.com/template/bigbazar/assets/images/products/height-11.png]
[unicoderbd.com/template/bigbazar/assets/images/products/height-8.png]
[unicoderbd.com/template/bigbazar/assets/images/products/height-9.png]
[unicoderbd.com/template/bigbazar/assets/images/products/height-10.png]
[unicoderbd.com/template/bigbazar/assets/images/products/height-12.png]
[unicoderbd.com/template/bigbazar/assets/images/products/height-13.png]
[unicoderbd.com/template/bigbazar/assets/images/products/height-14.png]
[unicoderbd.com/template/bigbazar/assets/images/products/height-15.png]
[unicoderbd.com/template/bigbazar/assets/images/background/7.png]
[unicoderbd.com/template/bigbazar/assets/images/blog/2.png]
[unicoderbd.com/template/bigbazar/assets/images/blog/4.png]
[unicoderbd.com/template/bigbazar/assets/images/blog/3.png]
[unicoderbd.com/template/bigbazar/assets/images/partner/18.png]
[unicoderbd.com/template/bigbazar/assets/images/partner/19.png]
[unicoderbd.com/template/bigbazar/assets/images/partner/20.png]
[unicoderbd.com/template/bigbazar/assets/images/partner/21.png]
[unicoderbd.com/template/bigbazar/assets/images/partner/22.png]
[unicoderbd.com/template/bigbazar/assets/images/partner/23.png]
[unicoderbd.com/template/bigbazar/assets/images/partner/24.png]
[unicoderbd.com/template/bigbazar/assets/images/partner/25.png]
[unicoderbd.com/template/bigbazar/assets/images/products/squire-2.png]
[unicoderbd.com/template/bigbazar/index-minimal.html]
[unicoderbd.com/template/bigbazar/assets/css/category/watches.css]
[unicoderbd.com/template/bigbazar/assets/images/slider/35.png]
[unicoderbd.com/template/bigbazar/assets/images/slider/34.png]
[unicoderbd.com/template/bigbazar/assets/images/slider/36.png]
[unicoderbd.com/template/bigbazar/assets/images/slider/37.png]
[unicoderbd.com/template/bigbazar/assets/images/banner/87.png]
[unicoderbd.com/template/bigbazar/assets/images/banner/88.png]
[unicoderbd.com/template/bigbazar/assets/images/banner/91.png]
[unicoderbd.com/template/bigbazar/assets/images/banner/90.png]
[unicoderbd.com/template/bigbazar/assets/images/banner/89.png]
[unicoderbd.com/template/bigbazar/assets/images/banner/92.png]
[unicoderbd.com/template/bigbazar/assets/images/banner/93.png]
[unicoderbd.com/template/bigbazar/assets/images/banner/94.png]
[unicoderbd.com/template/bigbazar/assets/images/banner/95.png]
[unicoderbd.com/template/bigbazar/assets/images/products/height-21.png]
[unicoderbd.com/template/bigbazar/assets/images/products/squire-268.png]
[unicoderbd.com/template/bigbazar/assets/images/products/squire-269.png]
[unicoderbd.com/template/bigbazar/assets/images/products/squire-270.png]
[unicoderbd.com/template/bigbazar/assets/images/products/squire-271.png]
[unicoderbd.com/template/bigbazar/assets/images/products/squire-272.png]
[unicoderbd.com/template/bigbazar/assets/images/products/squire-273.png]
[unicoderbd.com/template/bigbazar/assets/images/background/15.png]
[unicoderbd.com/template/bigbazar/assets/images/banner/96.png]
[unicoderbd.com/template/bigbazar/assets/images/products/squire-274.png]
[unicoderbd.com/template/bigbazar/assets/images/products/squire-275.png]
[unicoderbd.com/template/bigbazar/assets/images/banner/97.png]
[unicoderbd.com/template/bigbazar/assets/images/banner/98.png]
[unicoderbd.com/template/bigbazar/assets/images/banner/99.png]
[unicoderbd.com/template/bigbazar/assets/images/logo/19.png]
[unicoderbd.com/template/bigbazar/index-watches.html]
[unicoderbd.com/template/bigbazar/assets/css/category/fatloss.css]
[unicoderbd.com/template/bigbazar/assets/images/logo/20.png]
[unicoderbd.com/template/bigbazar/assets/images/slider/38.png]
[unicoderbd.com/template/bigbazar/assets/images/slider/39.png]
[unicoderbd.com/template/bigbazar/assets/images/background/16.png]
[unicoderbd.com/template/bigbazar/assets/images/extra/7.png]
[unicoderbd.com/template/bigbazar/assets/images/background/17.png]
[unicoderbd.com/template/bigbazar/assets/images/products/5.png]
[unicoderbd.com/template/bigbazar/assets/images/products/height-19.png]
[unicoderbd.com/template/bigbazar/assets/images/products/height-16.png]
[unicoderbd.com/template/bigbazar/assets/images/products/height-17.png]
[unicoderbd.com/template/bigbazar/assets/images/products/height-18.png]
[unicoderbd.com/template/bigbazar/assets/images/products/height-20.png]
[unicoderbd.com/template/bigbazar/assets/images/shape/5.png]
[unicoderbd.com/template/bigbazar/index-fatloss.html]
[unicoderbd.com/template/bigbazar/assets/css/category/handicruft.css]
[unicoderbd.com/template/bigbazar/assets/images/logo/21.png]
[unicoderbd.com/template/bigbazar/assets/images/banner/100.png]
[unicoderbd.com/template/bigbazar/assets/images/banner/102.png]
[unicoderbd.com/template/bigbazar/assets/images/banner/101.png]
[unicoderbd.com/template/bigbazar/assets/images/banner/103.png]
[unicoderbd.com/template/bigbazar/assets/images/banner/104.png]
[unicoderbd.com/template/bigbazar/assets/images/products/squire-276.png]
[unicoderbd.com/template/bigbazar/assets/images/products/squire-277.png]
[unicoderbd.com/template/bigbazar/assets/images/products/squire-278.png]
[unicoderbd.com/template/bigbazar/assets/images/banner/105.png]
[unicoderbd.com/template/bigbazar/assets/images/products/squire-279.png]
[unicoderbd.com/template/bigbazar/assets/images/products/squire-280.png]
[unicoderbd.com/template/bigbazar/assets/images/products/squire-281.png]
[unicoderbd.com/template/bigbazar/assets/images/products/squire-282.png]
[unicoderbd.com/template/bigbazar/assets/images/products/squire-283.png]
[unicoderbd.com/template/bigbazar/assets/images/products/squire-284.png]
[unicoderbd.com/template/bigbazar/assets/images/products/squire-285.png]
[unicoderbd.com/template/bigbazar/assets/images/products/squire-286.png]
[unicoderbd.com/template/bigbazar/assets/images/products/squire-287.png]
[unicoderbd.com/template/bigbazar/assets/images/products/squire-288.png]
[unicoderbd.com/template/bigbazar/assets/images/products/squire-289.png]
[unicoderbd.com/template/bigbazar/assets/images/products/squire-290.png]
[unicoderbd.com/template/bigbazar/assets/images/products/squire-291.png]
[unicoderbd.com/template/bigbazar/assets/images/products/squire-292.png]
[unicoderbd.com/template/bigbazar/assets/images/banner/106.png]
[unicoderbd.com/template/bigbazar/assets/images/logo/22.png]
[unicoderbd.com/template/bigbazar/index-handicruft.html]
[unicoderbd.com/template/bigbazar/assets/css/category/food-corner.css]
[unicoderbd.com/template/bigbazar/assets/images/products/squire-248.png]
[unicoderbd.com/template/bigbazar/assets/images/products/squire-249.png]
[unicoderbd.com/template/bigbazar/assets/images/logo/13.png]
[unicoderbd.com/template/bigbazar/assets/images/logo/14.png]
[unicoderbd.com/template/bigbazar/assets/images/background/8.png]
[unicoderbd.com/template/bigbazar/assets/images/slider/25.png]
[unicoderbd.com/template/bigbazar/assets/images/slider/32.png]
[unicoderbd.com/template/bigbazar/assets/images/background/14.png]
[unicoderbd.com/template/bigbazar/assets/images/slider/33.png]
[unicoderbd.com/template/bigbazar/assets/images/icon/17.png]
[unicoderbd.com/template/bigbazar/assets/images/icon/18.png]
[unicoderbd.com/template/bigbazar/assets/images/icon/19.png]
[unicoderbd.com/template/bigbazar/assets/images/icon/20.png]
[unicoderbd.com/template/bigbazar/assets/images/icon/21.png]
[unicoderbd.com/template/bigbazar/assets/images/icon/22.png]
[unicoderbd.com/template/bigbazar/assets/images/background/9.png]
[unicoderbd.com/template/bigbazar/assets/images/icon/23.png]
[unicoderbd.com/template/bigbazar/assets/images/icon/24.png]
[unicoderbd.com/template/bigbazar/assets/images/icon/25.png]
[unicoderbd.com/template/bigbazar/assets/images/icon/26.png]
[unicoderbd.com/template/bigbazar/assets/images/products/squire-250.png]
[unicoderbd.com/template/bigbazar/assets/images/products/squire-251.png]
[unicoderbd.com/template/bigbazar/assets/images/products/squire-252.png]
[unicoderbd.com/template/bigbazar/assets/images/products/squire-253.png]
[unicoderbd.com/template/bigbazar/assets/images/products/squire-254.png]
[unicoderbd.com/template/bigbazar/assets/images/products/squire-255.png]
[unicoderbd.com/template/bigbazar/assets/images/background/11.png]
[unicoderbd.com/template/bigbazar/assets/images/icon/27.png]
[unicoderbd.com/template/bigbazar/assets/images/banner/21.png]
[unicoderbd.com/template/bigbazar/assets/images/banner/74.png]
[unicoderbd.com/template/bigbazar/assets/images/banner/75.png]
[unicoderbd.com/template/bigbazar/assets/images/banner/76.png]
[unicoderbd.com/template/bigbazar/assets/images/banner/77.png]
[unicoderbd.com/template/bigbazar/assets/images/banner/78.png]
[unicoderbd.com/template/bigbazar/assets/images/background/12.png]
[unicoderbd.com/template/bigbazar/assets/images/icon/31.png]
[unicoderbd.com/template/bigbazar/assets/images/icon/28.png]
[unicoderbd.com/template/bigbazar/assets/images/icon/29.png]
[unicoderbd.com/template/bigbazar/assets/images/icon/30.png]
[unicoderbd.com/template/bigbazar/assets/images/products/squire-256.png]
[unicoderbd.com/template/bigbazar/assets/images/products/squire-257.png]
[unicoderbd.com/template/bigbazar/assets/images/products/squire-258.png]
[unicoderbd.com/template/bigbazar/assets/images/products/squire-259.png]
[unicoderbd.com/template/bigbazar/assets/images/products/squire-260.png]
[unicoderbd.com/template/bigbazar/assets/images/products/squire-261.png]
[unicoderbd.com/template/bigbazar/assets/images/products/squire-262.png]
[unicoderbd.com/template/bigbazar/assets/images/products/squire-263.png]
[unicoderbd.com/template/bigbazar/assets/images/products/squire-264.png]
[unicoderbd.com/template/bigbazar/assets/images/products/squire-265.png]
[unicoderbd.com/template/bigbazar/assets/images/icon/weight-white.png]
[unicoderbd.com/template/bigbazar/assets/images/icon/watch-white.png]
[unicoderbd.com/template/bigbazar/assets/images/icon/bike-white.png]
[unicoderbd.com/template/bigbazar/assets/images/products/squire-266.png]
[unicoderbd.com/template/bigbazar/assets/images/products/squire-267.png]
[unicoderbd.com/template/bigbazar/assets/images/background/13.png]
[unicoderbd.com/template/bigbazar/assets/images/banner/79.png]
[unicoderbd.com/template/bigbazar/assets/images/logo/15.png]
[unicoderbd.com/template/bigbazar/index-food-corner.html]
[unicoderbd.com/template/bigbazar/assets/css/category/classic.css]
[unicoderbd.com/template/bigbazar/assets/images/logo/16.png]
[unicoderbd.com/template/bigbazar/assets/images/slider/26.png]
[unicoderbd.com/template/bigbazar/assets/images/slider/27.png]
[unicoderbd.com/template/bigbazar/assets/images/banner/80.png]
[unicoderbd.com/template/bigbazar/assets/images/banner/81.png]
[unicoderbd.com/template/bigbazar/assets/images/banner/82.png]
[unicoderbd.com/template/bigbazar/assets/images/banner/83.png]
[unicoderbd.com/template/bigbazar/assets/images/blog/5.png]
[unicoderbd.com/template/bigbazar/assets/images/blog/6.png]
[unicoderbd.com/template/bigbazar/index-classic.html]
[unicoderbd.com/template/bigbazar/assets/css/category/optical-shop.css]
[unicoderbd.com/template/bigbazar/assets/images/logo/12.png]
[unicoderbd.com/template/bigbazar/assets/images/slider/28.png]
[unicoderbd.com/template/bigbazar/assets/images/slider/29.png]
[unicoderbd.com/template/bigbazar/assets/images/slider/30.png]
[unicoderbd.com/template/bigbazar/assets/images/banner/71.png]
[unicoderbd.com/template/bigbazar/assets/images/banner/72.png]
[unicoderbd.com/template/bigbazar/assets/images/banner/73.png]
[unicoderbd.com/template/bigbazar/assets/images/products/squire-237.png]
[unicoderbd.com/template/bigbazar/assets/images/products/squire-238.png]
[unicoderbd.com/template/bigbazar/assets/images/products/squire-239.png]
[unicoderbd.com/template/bigbazar/assets/images/products/squire-240.png]
[unicoderbd.com/template/bigbazar/assets/images/background/6.png]
[unicoderbd.com/template/bigbazar/assets/images/products/squire-241.png]
[unicoderbd.com/template/bigbazar/assets/images/products/squire-242.png]
[unicoderbd.com/template/bigbazar/assets/images/products/squire-243.png]
[unicoderbd.com/template/bigbazar/assets/images/products/squire-244.png]
[unicoderbd.com/template/bigbazar/assets/images/products/squire-245.png]
[unicoderbd.com/template/bigbazar/assets/images/products/squire-246.png]
[unicoderbd.com/template/bigbazar/assets/images/products/squire-247.png]
[unicoderbd.com/template/bigbazar/index-optical-shop.html]
[unicoderbd.com/template/bigbazar/assets/css/category/furniture-store.css]
[unicoderbd.com/template/bigbazar/assets/images/slider/23.png]
[unicoderbd.com/template/bigbazar/assets/images/slider/24.png]
[unicoderbd.com/template/bigbazar/assets/images/banner/50.png]
[unicoderbd.com/template/bigbazar/assets/images/banner/51.png]
[unicoderbd.com/template/bigbazar/assets/images/banner/52.png]
[unicoderbd.com/template/bigbazar/assets/images/products/squire-204.png]
[unicoderbd.com/template/bigbazar/assets/images/products/squire-206.png]
[unicoderbd.com/template/bigbazar/assets/images/products/squire-190.png]
[unicoderbd.com/template/bigbazar/assets/images/products/squire-213.png]
[unicoderbd.com/template/bigbazar/assets/images/products/squire-210.png]
[unicoderbd.com/template/bigbazar/assets/images/banner/53.png]
[unicoderbd.com/template/bigbazar/assets/images/banner/54.png]
[unicoderbd.com/template/bigbazar/assets/images/banner/55.png]
[unicoderbd.com/template/bigbazar/assets/images/products/squire-187.png]
[unicoderbd.com/template/bigbazar/assets/images/products/squire-215.png]
[unicoderbd.com/template/bigbazar/assets/images/products/squire-202.png]
[unicoderbd.com/template/bigbazar/assets/images/products/squire-208.png]
[unicoderbd.com/template/bigbazar/assets/images/banner/56.png]
[unicoderbd.com/template/bigbazar/assets/images/products/squire-201.png]
[unicoderbd.com/template/bigbazar/assets/images/products/squire-209.png]
[unicoderbd.com/template/bigbazar/assets/images/products/squire-188.png]
[unicoderbd.com/template/bigbazar/assets/images/products/squire-200.png]
[unicoderbd.com/template/bigbazar/assets/images/banner/57.png]
[unicoderbd.com/template/bigbazar/assets/images/products/squire-196.png]
[unicoderbd.com/template/bigbazar/assets/images/products/squire-195.png]
[unicoderbd.com/template/bigbazar/assets/images/products/squire-189.png]
[unicoderbd.com/template/bigbazar/assets/images/products/squire-199.png]
[unicoderbd.com/template/bigbazar/assets/images/products/squire-192.png]
[unicoderbd.com/template/bigbazar/assets/images/products/squire-191.png]
[unicoderbd.com/template/bigbazar/assets/images/products/squire-194.png]
[unicoderbd.com/template/bigbazar/assets/images/products/squire-197.png]
[unicoderbd.com/template/bigbazar/assets/images/products/squire-198.png]
[unicoderbd.com/template/bigbazar/assets/images/gallery/1.png]
[unicoderbd.com/template/bigbazar/assets/images/gallery/2.png]
[unicoderbd.com/template/bigbazar/assets/images/gallery/3.png]
[unicoderbd.com/template/bigbazar/assets/images/gallery/4.png]
[unicoderbd.com/template/bigbazar/assets/images/gallery/5.png]
[unicoderbd.com/template/bigbazar/assets/images/gallery/6.png]
[unicoderbd.com/template/bigbazar/index-furniture-store.html]
[unicoderbd.com/template/bigbazar/assets/css/category/grocery-store.css]
[unicoderbd.com/template/bigbazar/assets/images/logo/8.png]
[unicoderbd.com/template/bigbazar/shop-grid-right-sidebar.html]
[unicoderbd.com/template/bigbazar/shop-list-right-sidebar.html]
[unicoderbd.com/template/bigbazar/assets/images/slider/19.png]
[unicoderbd.com/template/bigbazar/assets/images/slider/20.png]
[unicoderbd.com/template/bigbazar/assets/images/slider/21.png]
[unicoderbd.com/template/bigbazar/assets/images/banner/44.png]
[unicoderbd.com/template/bigbazar/assets/images/banner/45.png]
[unicoderbd.com/template/bigbazar/assets/images/products/squire-162.png]
[unicoderbd.com/template/bigbazar/assets/images/products/squire-135.png]
[unicoderbd.com/template/bigbazar/assets/images/products/squire-155.png]
[unicoderbd.com/template/bigbazar/assets/images/products/squire-163.png]
[unicoderbd.com/template/bigbazar/assets/images/products/squire-164.png]
[unicoderbd.com/template/bigbazar/assets/images/products/squire-126.png]
[unicoderbd.com/template/bigbazar/assets/images/products/squire-130.png]
[unicoderbd.com/template/bigbazar/assets/images/products/squire-143.png]
[unicoderbd.com/template/bigbazar/assets/images/products/squire-124.png]
[unicoderbd.com/template/bigbazar/assets/images/products/squire-125.png]
[unicoderbd.com/template/bigbazar/assets/images/products/squire-127.png]
[unicoderbd.com/template/bigbazar/assets/images/products/squire-128.png]
[unicoderbd.com/template/bigbazar/assets/images/products/squire-129.png]
[unicoderbd.com/template/bigbazar/assets/images/banner/37.png]
[unicoderbd.com/template/bigbazar/assets/images/products/squire-131.png]
[unicoderbd.com/template/bigbazar/assets/images/products/squire-132.png]
[unicoderbd.com/template/bigbazar/assets/images/products/squire-133.png]
[unicoderbd.com/template/bigbazar/assets/images/products/squire-134.png]
[unicoderbd.com/template/bigbazar/assets/images/products/squire-136.png]
[unicoderbd.com/template/bigbazar/assets/images/products/squire-137.png]
[unicoderbd.com/template/bigbazar/assets/images/products/squire-138.png]
[unicoderbd.com/template/bigbazar/assets/images/products/squire-139.png]
[unicoderbd.com/template/bigbazar/assets/images/products/squire-140.png]
[unicoderbd.com/template/bigbazar/assets/images/banner/38.png]
[unicoderbd.com/template/bigbazar/assets/images/banner/39.png]
[unicoderbd.com/template/bigbazar/assets/images/banner/40.png]
[unicoderbd.com/template/bigbazar/assets/images/products/squire-141.png]
[unicoderbd.com/template/bigbazar/assets/images/products/squire-142.png]
[unicoderbd.com/template/bigbazar/assets/images/products/squire-144.png]
[unicoderbd.com/template/bigbazar/assets/images/products/squire-145.png]
[unicoderbd.com/template/bigbazar/assets/images/products/squire-146.png]
[unicoderbd.com/template/bigbazar/assets/images/products/squire-147.png]
[unicoderbd.com/template/bigbazar/assets/images/products/squire-148.png]
[unicoderbd.com/template/bigbazar/assets/images/products/squire-149.png]
[unicoderbd.com/template/bigbazar/assets/images/products/squire-150.png]
[unicoderbd.com/template/bigbazar/assets/images/products/squire-151.png]
[unicoderbd.com/template/bigbazar/assets/images/products/squire-152.png]
[unicoderbd.com/template/bigbazar/assets/images/products/squire-158.png]
[unicoderbd.com/template/bigbazar/assets/images/products/squire-156.png]
[unicoderbd.com/template/bigbazar/assets/images/products/squire-161.png]
[unicoderbd.com/template/bigbazar/assets/images/products/squire-3.png]
[unicoderbd.com/template/bigbazar/assets/images/products/squire-6.png]
[unicoderbd.com/template/bigbazar/assets/images/products/squire-153.png]
[unicoderbd.com/template/bigbazar/assets/images/products/squire-159.png]
[unicoderbd.com/template/bigbazar/assets/images/products/squire-154.png]
[unicoderbd.com/template/bigbazar/index-grocery-store.html]
[unicoderbd.com/template/bigbazar/assets/css/category/women-fashion.css]
[unicoderbd.com/template/bigbazar/assets/images/logo/9.png]
[unicoderbd.com/template/bigbazar/assets/images/banner/19.png]
[unicoderbd.com/template/bigbazar/assets/images/banner/20.png]
[unicoderbd.com/template/bigbazar/assets/images/banner/6.png]
[unicoderbd.com/template/bigbazar/assets/images/slider/7.png]
[unicoderbd.com/template/bigbazar/assets/images/slider/17.png]
[unicoderbd.com/template/bigbazar/assets/images/slider/18.png]
[unicoderbd.com/template/bigbazar/assets/images/banner/29.png]
[unicoderbd.com/template/bigbazar/assets/images/banner/30.png]
[unicoderbd.com/template/bigbazar/assets/images/banner/31.png]
[unicoderbd.com/template/bigbazar/assets/images/banner/32.png]
[unicoderbd.com/template/bigbazar/assets/images/products/squire-71.png]
[unicoderbd.com/template/bigbazar/assets/images/products/squire-20.png]
[unicoderbd.com/template/bigbazar/assets/images/products/squire-173.png]
[unicoderbd.com/template/bigbazar/assets/images/products/squire-55.png]
[unicoderbd.com/template/bigbazar/assets/images/products/squire-44.png]
[unicoderbd.com/template/bigbazar/assets/images/products/squire-93.png]
[unicoderbd.com/template/bigbazar/assets/images/products/squire-36.png]
[unicoderbd.com/template/bigbazar/assets/images/products/squire-58.png]
[unicoderbd.com/template/bigbazar/assets/images/products/squire-174.png]
[unicoderbd.com/template/bigbazar/assets/images/products/squire-167.png]
[unicoderbd.com/template/bigbazar/assets/images/products/squire-175.png]
[unicoderbd.com/template/bigbazar/assets/images/products/squire-69.png]
[unicoderbd.com/template/bigbazar/assets/images/products/squire-65.png]
[unicoderbd.com/template/bigbazar/assets/images/products/squire-19.png]
[unicoderbd.com/template/bigbazar/assets/images/banner/36.png]
[unicoderbd.com/template/bigbazar/assets/images/banner/33.png]
[unicoderbd.com/template/bigbazar/assets/images/banner/34.png]
[unicoderbd.com/template/bigbazar/assets/images/products/squire-22.png]
[unicoderbd.com/template/bigbazar/assets/images/products/squire-13.png]
[unicoderbd.com/template/bigbazar/assets/images/products/squire-39.png]
[unicoderbd.com/template/bigbazar/assets/images/products/squire-54.png]
[unicoderbd.com/template/bigbazar/assets/images/products/squire-45.png]
[unicoderbd.com/template/bigbazar/assets/images/banner/41.png]
[unicoderbd.com/template/bigbazar/assets/images/banner/42.png]
[unicoderbd.com/template/bigbazar/assets/images/banner/43.png]
[unicoderbd.com/template/bigbazar/assets/images/products/squire-38.png]
[unicoderbd.com/template/bigbazar/assets/images/products/squire-11.png]
[unicoderbd.com/template/bigbazar/assets/images/products/squire-185.png]
[unicoderbd.com/template/bigbazar/assets/images/products/squire-186.png]
[unicoderbd.com/template/bigbazar/assets/images/products/squire-171.png]
[unicoderbd.com/template/bigbazar/assets/images/products/squire-168.png]
[unicoderbd.com/template/bigbazar/assets/images/products/squire-59.png]
[unicoderbd.com/template/bigbazar/assets/images/products/squire-12.png]
[unicoderbd.com/template/bigbazar/assets/images/products/squire-28.png]
[unicoderbd.com/template/bigbazar/assets/images/products/squire-7.png]
[unicoderbd.com/template/bigbazar/assets/images/products/squire-17.png]
[unicoderbd.com/template/bigbazar/assets/images/products/squire-25.png]
[unicoderbd.com/template/bigbazar/assets/images/products/squire-35.png]
[unicoderbd.com/template/bigbazar/assets/images/products/squire-33.png]
[unicoderbd.com/template/bigbazar/assets/images/products/squire-41.png]
[unicoderbd.com/template/bigbazar/assets/images/products/squire-80.png]
[unicoderbd.com/template/bigbazar/assets/images/products/squire-176.png]
[unicoderbd.com/template/bigbazar/index-women-fashion.html]
[unicoderbd.com/template/bigbazar/assets/css/category/pet-shop.css]
[unicoderbd.com/template/bigbazar/assets/images/logo/23.png]
[unicoderbd.com/template/bigbazar/assets/images/icon/dog.png]
[unicoderbd.com/template/bigbazar/assets/images/icon/cat.png]
[unicoderbd.com/template/bigbazar/assets/images/icon/macaw.png]
[unicoderbd.com/template/bigbazar/assets/images/icon/pet-food.png]
[unicoderbd.com/template/bigbazar/assets/images/icon/easter-bunny.png]
[unicoderbd.com/template/bigbazar/assets/images/icon/fish-bowl.png]
[unicoderbd.com/template/bigbazar/assets/images/icon/paw.png]
[unicoderbd.com/template/bigbazar/assets/images/icon/sleeping.png]
[unicoderbd.com/template/bigbazar/assets/images/slider/43.png]
[unicoderbd.com/template/bigbazar/assets/images/slider/44.png]
[unicoderbd.com/template/bigbazar/assets/images/banner/107.png]
[unicoderbd.com/template/bigbazar/assets/images/banner/108.png]
[unicoderbd.com/template/bigbazar/assets/images/products/height-22.png]
[unicoderbd.com/template/bigbazar/assets/images/products/height-23.png]
[unicoderbd.com/template/bigbazar/assets/images/products/height-24.png]
[unicoderbd.com/template/bigbazar/assets/images/products/height-25.png]
[unicoderbd.com/template/bigbazar/assets/images/shape/6.png]
[unicoderbd.com/template/bigbazar/assets/images/icon/pet-bed.png]
[unicoderbd.com/template/bigbazar/assets/images/icon/pet-toy.png]
[unicoderbd.com/template/bigbazar/assets/images/products/height-26.png]
[unicoderbd.com/template/bigbazar/assets/images/products/height-27.png]
[unicoderbd.com/template/bigbazar/assets/images/shape/8.png]
[unicoderbd.com/template/bigbazar/assets/images/shape/7.png]
[unicoderbd.com/template/bigbazar/assets/images/icon/quotation.png]
[unicoderbd.com/template/bigbazar/index-pet-shop.html]
[unicoderbd.com/template/bigbazar/assets/css/category/man-fashion.css]
[unicoderbd.com/template/bigbazar/assets/images/logo/7.png]
[unicoderbd.com/template/bigbazar/assets/images/slider/6.png]
[unicoderbd.com/template/bigbazar/assets/images/slider/15.png]
[unicoderbd.com/template/bigbazar/assets/images/slider/16.png]
[unicoderbd.com/template/bigbazar/assets/images/products/squire-16.png]
[unicoderbd.com/template/bigbazar/assets/images/products/squire-8.png]
[unicoderbd.com/template/bigbazar/assets/images/products/squire-23.png]
[unicoderbd.com/template/bigbazar/assets/images/products/squire-43.png]
[unicoderbd.com/template/bigbazar/assets/images/products/squire-57.png]
[unicoderbd.com/template/bigbazar/assets/images/products/squire-66.png]
[unicoderbd.com/template/bigbazar/assets/images/products/squire-74.png]
[unicoderbd.com/template/bigbazar/assets/images/products/squire-73.png]
[unicoderbd.com/template/bigbazar/assets/images/products/squire-75.png]
[unicoderbd.com/template/bigbazar/assets/images/products/squire-76.png]
[unicoderbd.com/template/bigbazar/assets/images/products/squire-14.png]
[unicoderbd.com/template/bigbazar/assets/images/banner/16.png]
[unicoderbd.com/template/bigbazar/assets/images/banner/17.png]
[unicoderbd.com/template/bigbazar/assets/images/banner/67.png]
[unicoderbd.com/template/bigbazar/assets/images/products/squire-83.png]
[unicoderbd.com/template/bigbazar/assets/images/products/squire-84.png]
[unicoderbd.com/template/bigbazar/assets/images/products/squire-48.png]
[unicoderbd.com/template/bigbazar/assets/images/banner/110.png]
[unicoderbd.com/template/bigbazar/assets/images/products/squire-86.png]
[unicoderbd.com/template/bigbazar/assets/images/products/squire-82.png]
[unicoderbd.com/template/bigbazar/assets/images/products/squire-87.png]
[unicoderbd.com/template/bigbazar/assets/images/products/squire-88.png]
[unicoderbd.com/template/bigbazar/assets/images/products/squire-89.png]
[unicoderbd.com/template/bigbazar/assets/images/products/squire-78.png]
[unicoderbd.com/template/bigbazar/assets/images/products/squire-90.png]
[unicoderbd.com/template/bigbazar/assets/images/products/squire-91.png]
[unicoderbd.com/template/bigbazar/assets/images/products/squire-77.png]
[unicoderbd.com/template/bigbazar/assets/images/products/squire-92.png]
[unicoderbd.com/template/bigbazar/index-man-fashion.html]
[unicoderbd.com/template/bigbazar/assets/css/category/electronic.css]
[unicoderbd.com/template/bigbazar/assets/images/logo/5.png]
[unicoderbd.com/template/bigbazar/assets/images/logo/dark.png]
[unicoderbd.com/template/bigbazar/assets/images/slider/12.png]
[unicoderbd.com/template/bigbazar/assets/images/slider/11.png]
[unicoderbd.com/template/bigbazar/assets/images/slider/13.png]
[unicoderbd.com/template/bigbazar/assets/images/banner/11.png]
[unicoderbd.com/template/bigbazar/assets/images/banner/12.png]
[unicoderbd.com/template/bigbazar/assets/images/products/squire-96.png]
[unicoderbd.com/template/bigbazar/assets/images/products/squire-97.png]
[unicoderbd.com/template/bigbazar/assets/images/products/squire-98.png]
[unicoderbd.com/template/bigbazar/assets/images/products/squire-99.png]
[unicoderbd.com/template/bigbazar/assets/images/products/squire-100.png]
[unicoderbd.com/template/bigbazar/assets/images/products/squire-103.png]
[unicoderbd.com/template/bigbazar/assets/images/products/squire-104.png]
[unicoderbd.com/template/bigbazar/assets/images/products/squire-101.png]
[unicoderbd.com/template/bigbazar/assets/images/products/squire-102.png]
[unicoderbd.com/template/bigbazar/assets/images/products/squire-9.png]
[unicoderbd.com/template/bigbazar/assets/images/products/squire-106.png]
[unicoderbd.com/template/bigbazar/assets/images/products/squire-46.png]
[unicoderbd.com/template/bigbazar/assets/images/products/squire-32.png]
[unicoderbd.com/template/bigbazar/assets/images/products/squire-51.png]
[unicoderbd.com/template/bigbazar/assets/images/products/squire-107.png]
[unicoderbd.com/template/bigbazar/assets/images/products/squire-15.png]
[unicoderbd.com/template/bigbazar/assets/images/products/squire-108.png]
[unicoderbd.com/template/bigbazar/assets/images/products/squire-113.png]
[unicoderbd.com/template/bigbazar/assets/images/slider/4.png]
[unicoderbd.com/template/bigbazar/assets/images/products/squire-109.png]
[unicoderbd.com/template/bigbazar/assets/images/products/squire-110.png]
[unicoderbd.com/template/bigbazar/assets/images/products/squire-111.png]
[unicoderbd.com/template/bigbazar/assets/images/products/squire-112.png]
[unicoderbd.com/template/bigbazar/assets/images/products/squire-123.png]
[unicoderbd.com/template/bigbazar/assets/images/products/squire-114.png]
[unicoderbd.com/template/bigbazar/assets/images/products/squire-115.png]
[unicoderbd.com/template/bigbazar/assets/images/products/category7.png]
[unicoderbd.com/template/bigbazar/assets/images/products/category8.png]
[unicoderbd.com/template/bigbazar/assets/images/products/category1.png]
[unicoderbd.com/template/bigbazar/assets/images/products/category2.png]
[unicoderbd.com/template/bigbazar/assets/images/products/category3.png]
[unicoderbd.com/template/bigbazar/assets/images/products/category4.png]
[unicoderbd.com/template/bigbazar/assets/images/products/category5.png]
[unicoderbd.com/template/bigbazar/assets/images/products/category6.png]
[unicoderbd.com/template/bigbazar/index-electronic.html]
[unicoderbd.com/template/bigbazar/index-standard.html]
[unicoderbd.com/template/bigbazar/assets/images/products/squire-79.png]
[unicoderbd.com/template/bigbazar/assets/images/products/squire-118.png]
[unicoderbd.com/template/bigbazar/assets/images/products/squire-34.png]
[unicoderbd.com/template/bigbazar/assets/images/products/squire-165.png]
[unicoderbd.com/template/bigbazar/assets/images/products/squire-27.png]
[unicoderbd.com/template/bigbazar/assets/images/products/squire-166.png]
[unicoderbd.com/template/bigbazar/assets/images/products/squire-169.png]
[unicoderbd.com/template/bigbazar/assets/images/products/squire-170.png]
[unicoderbd.com/template/bigbazar/assets/images/products/squire-24.png]
[unicoderbd.com/template/bigbazar/assets/images/products/squire-116.png]
[unicoderbd.com/template/bigbazar/assets/images/products/squire-47.png]
[unicoderbd.com/template/bigbazar/shop-grid-full.html]
[unicoderbd.com/template/bigbazar/assets/images/banner/18.png]
[unicoderbd.com/template/bigbazar/assets/images/products/squire-42.png]
[unicoderbd.com/template/bigbazar/assets/images/products/squire-37.png]
[unicoderbd.com/template/bigbazar/shop-grid-left-sidebar.html]
[unicoderbd.com/template/bigbazar/assets/images/products/squire-172.png]
[unicoderbd.com/template/bigbazar/shop-grid-left-sidebar-1.html]
[unicoderbd.com/template/bigbazar/shop-grid-left-sidebar-2.html]
[unicoderbd.com/template/bigbazar/shop-grid-left-sidebar-3.html]
[unicoderbd.com/template/bigbazar/shop-grid-right-sidebar-1.html]
[unicoderbd.com/template/bigbazar/shop-grid-right-sidebar-2.html]
[unicoderbd.com/template/bigbazar/shop-grid-right-sidebar-3.html]
[unicoderbd.com/template/bigbazar/shop-list-full.html]
[unicoderbd.com/template/bigbazar/shop-list-left-sidebar.html]
[unicoderbd.com/template/bigbazar/shop-list-left-sidebar-1.html]
[unicoderbd.com/template/bigbazar/shop-list-left-sidebar-2.html]
[unicoderbd.com/template/bigbazar/shop-list-left-sidebar-3.html]
[unicoderbd.com/template/bigbazar/shop-list-right-sidebar-1.html]
[unicoderbd.com/template/bigbazar/shop-list-right-sidebar-2.html]
[unicoderbd.com/template/bigbazar/shop-list-right-sidebar-3.html]
[unicoderbd.com/template/bigbazar/cart.html]
[unicoderbd.com/template/bigbazar/registration.html]
[unicoderbd.com/template/bigbazar/assets/images/partner/1.png]
[unicoderbd.com/template/bigbazar/assets/images/avatar.png]
[unicoderbd.com/template/bigbazar/single-shop.html]
[unicoderbd.com/template/bigbazar/assets/js/jquery.elevatezoom.js]
[unicoderbd.com/template/bigbazar/assets/images/products/squire-26.png]
[unicoderbd.com/template/bigbazar/single-shop-2.html]
[unicoderbd.com/template/bigbazar/single-shop-3.html]
[unicoderbd.com/template/bigbazar/hover-bg-light.html]
[unicoderbd.com/template/bigbazar/hover-shadow-active.html]
[unicoderbd.com/template/bigbazar/hover-image-zoom.html]
[unicoderbd.com/template/bigbazar/hover-btn-slide-1.html]
[unicoderbd.com/template/bigbazar/hover-btn-slide-2.html]
[unicoderbd.com/template/bigbazar/hover-btn-slide-3.html]
[unicoderbd.com/template/bigbazar/assets/js/app.js]
[unicoderbd.com/template/bigbazar/assets/images/portfolio/1.png]
[unicoderbd.com/template/bigbazar/assets/images/portfolio/2.png]
[unicoderbd.com/template/bigbazar/assets/images/portfolio/3.png]
[unicoderbd.com/template/bigbazar/assets/images/portfolio/4.png]
[unicoderbd.com/template/bigbazar/assets/images/portfolio/5.png]
[unicoderbd.com/template/bigbazar/assets/images/portfolio/6.png]
[unicoderbd.com/template/bigbazar/assets/images/portfolio/7.png]
[unicoderbd.com/template/bigbazar/assets/images/portfolio/8.png]
[unicoderbd.com/template/bigbazar/assets/images/portfolio/9.png]
[unicoderbd.com/template/bigbazar/assets/images/portfolio/10.png]
[unicoderbd.com/template/bigbazar/assets/images/portfolio/11.png]
[unicoderbd.com/template/bigbazar/assets/images/portfolio/12.png]
[unicoderbd.com/template/bigbazar/portfolio-filter-column-four.html]
[unicoderbd.com/template/bigbazar/portfolio-column-three.html]
[unicoderbd.com/template/bigbazar/portfolio-column-four.html]
[unicoderbd.com/template/bigbazar/portfolio-full-width.html]
[unicoderbd.com/template/bigbazar/portfolio-filter-column-three.html]
[unicoderbd.com/template/bigbazar/assets/images/single/1.png]
[unicoderbd.com/template/bigbazar/assets/images/single/2.png]
[unicoderbd.com/template/bigbazar/assets/images/single/3.png]
[unicoderbd.com/template/bigbazar/portfolio-single-slider-layout.html]
[unicoderbd.com/template/bigbazar/general-support.html]
[unicoderbd.com/template/bigbazar/assets/images/extra/6.png]
[unicoderbd.com/template/bigbazar/assets/images/background/5.png]
[unicoderbd.com/template/bigbazar/how-it-work.html]
[unicoderbd.com/template/bigbazar/support-article-details.html]
[unicoderbd.com/template/bigbazar/terms-and-condition.html]
[unicoderbd.com/template/bigbazar/assets/images/blog/1.png]
[unicoderbd.com/template/bigbazar/about-owner.html]
[unicoderbd.com/template/bigbazar/assets/images/icon/1.png]
[unicoderbd.com/template/bigbazar/about.html]
[unicoderbd.com/template/bigbazar/assets/images/icon/video-play.png]
[unicoderbd.com/template/bigbazar/assets/images/icon/branding.png]
[unicoderbd.com/template/bigbazar/assets/images/icon/illumination.png]
[unicoderbd.com/template/bigbazar/about-2.html]
[unicoderbd.com/template/bigbazar/service.html]
[unicoderbd.com/template/bigbazar/assets/images/gallery/7.png]
[unicoderbd.com/template/bigbazar/assets/images/gallery/8.png]
[unicoderbd.com/template/bigbazar/assets/images/gallery/9.png]
[unicoderbd.com/template/bigbazar/assets/images/gallery/11.png]
[unicoderbd.com/template/bigbazar/assets/images/gallery/12.png]
[unicoderbd.com/template/bigbazar/assets/images/gallery/13.png]
[unicoderbd.com/template/bigbazar/assets/images/gallery/14.png]
[unicoderbd.com/template/bigbazar/assets/images/gallery/15.png]
[unicoderbd.com/template/bigbazar/assets/images/gallery/16.png]
[unicoderbd.com/template/bigbazar/assets/images/gallery/17.png]
[unicoderbd.com/template/bigbazar/assets/images/gallery/18.png]
[unicoderbd.com/template/bigbazar/assets/images/gallery/10.png]
[unicoderbd.com/template/bigbazar/gallery.html]
[unicoderbd.com/template/bigbazar/404.html]
[unicoderbd.com/template/bigbazar/blog-grid-left-sidebar.html]
[unicoderbd.com/template/bigbazar/blog-grid-modern.html]
[unicoderbd.com/template/bigbazar/blog-grid-right-sidebar.html]
[unicoderbd.com/template/bigbazar/blog-list-modern.html]
[unicoderbd.com/template/bigbazar/blog-list-left-sidebar.html]
[unicoderbd.com/template/bigbazar/blog-list-right-sidebar.html]
[unicoderbd.com/template/bigbazar/assets/images/user/1.png]
[unicoderbd.com/template/bigbazar/assets/images/user/2.png]
[unicoderbd.com/template/bigbazar/assets/images/user/3.png]
[unicoderbd.com/template/bigbazar/assets/images/user/4.png]
[unicoderbd.com/template/bigbazar/blog-single-modern.html]
[unicoderbd.com/template/bigbazar/blog-single-left-sidebar.html]
[unicoderbd.com/template/bigbazar/blog-single-right-sidebar.html]
[unicoderbd.com/template/bigbazar/assets/images/blog/21.png]
[unicoderbd.com/template/bigbazar/assets/images/blog/25.png]
[unicoderbd.com/template/bigbazar/assets/images/blog/22.png]
[unicoderbd.com/template/bigbazar/assets/images/blog/17.png]
[unicoderbd.com/template/bigbazar/assets/images/blog/23.png]
[unicoderbd.com/template/bigbazar/assets/images/blog/26.png]
[unicoderbd.com/template/bigbazar/assets/images/blog/28.png]
[unicoderbd.com/template/bigbazar/assets/images/blog/24.png]
[unicoderbd.com/template/bigbazar/assets/images/blog/29.png]
[unicoderbd.com/template/bigbazar/blog-missionary-grid.html]
[unicoderbd.com/template/bigbazar/blog-video-grid.html]
[unicoderbd.com/template/bigbazar/element-product-grid-view.html]
[unicoderbd.com/template/bigbazar/element-product-list-view.html]
[unicoderbd.com/template/bigbazar/assets/images/banner/65.png]
[unicoderbd.com/template/bigbazar/assets/images/banner/2.png]
[unicoderbd.com/template/bigbazar/assets/images/products/squire-29.png]
[unicoderbd.com/template/bigbazar/assets/images/products/squire-30.png]
[unicoderbd.com/template/bigbazar/assets/images/products/squire-31.png]
[unicoderbd.com/template/bigbazar/assets/images/products/height-1.png]
[unicoderbd.com/template/bigbazar/assets/images/products/height-2.png]
[unicoderbd.com/template/bigbazar/assets/images/products/height-3.png]
[unicoderbd.com/template/bigbazar/element-carousel.html]
[unicoderbd.com/template/bigbazar/assets/images/banner/7.png]
[unicoderbd.com/template/bigbazar/assets/images/products/squire-56.png]
[unicoderbd.com/template/bigbazar/element-tab.html]
[unicoderbd.com/template/bigbazar/element-typography.html]
[unicoderbd.com/template/bigbazar/assets/images/banner/22.png]
[unicoderbd.com/template/bigbazar/assets/images/banner/23.png]
[unicoderbd.com/template/bigbazar/assets/images/banner/24.png]
[unicoderbd.com/template/bigbazar/assets/images/banner/69.png]
[unicoderbd.com/template/bigbazar/assets/images/banner/70.png]
[unicoderbd.com/template/bigbazar/assets/images/banner/3.png]
[unicoderbd.com/template/bigbazar/assets/images/banner/4.png]
[unicoderbd.com/template/bigbazar/assets/images/banner/48.png]
[unicoderbd.com/template/bigbazar/assets/images/shape/2.png]
[unicoderbd.com/template/bigbazar/assets/images/products/add-product1.png]
[unicoderbd.com/template/bigbazar/assets/images/banner/25.png]
[unicoderbd.com/template/bigbazar/assets/images/banner/26.png]
[unicoderbd.com/template/bigbazar/assets/images/banner/27.png]
[unicoderbd.com/template/bigbazar/assets/images/banner/28.png]
[unicoderbd.com/template/bigbazar/element-banner.html]
[unicoderbd.com/template/bigbazar/element-accordions.html]
[unicoderbd.com/template/bigbazar/element-flash-deal.html]
[unicoderbd.com/template/bigbazar/assets/images/products/squire-21.png]
[unicoderbd.com/template/bigbazar/element-product-category.html]
[unicoderbd.com/template/bigbazar/element-countdown.html]
[unicoderbd.com/template/bigbazar/assets/js/map.scripts.js]
[unicoderbd.com/template/bigbazar/contact.html]
[unicoderbd.com/template/bigbazar/compare.html]
[unicoderbd.com/template/bigbazar/assets/webfonts/fa-brands-400.svg]
[unicoderbd.com/template/bigbazar/assets/webfonts/fa-regular-400.svg]
[unicoderbd.com/template/bigbazar/assets/webfonts/fa-solid-900.svg]
[unicoderbd.com/template/bigbazar/assets/webfonts/flaticon/flaticonb7d3.svg]
[unicoderbd.com/template/bigbazar/assets/css/owl.video.play.html]
[unicoderbd.com/template/bigbazar/assets/images/search.html]
[unicoderbd.com/template/bigbazar/assets/images/clipart/3.html]
[unicoderbd.com/template/bigbazar/assets/css/category/default.css]
[unicoderbd.com/template/bigbazar/assets/css/category/minimal.css]
[unicoderbd.com/template/bigbazar/blog-grid.html]
[unicoderbd.com/template/bigbazar/blog-list.html]
[unicoderbd.com/template/bigbazar/faq.html]
[unicoderbd.com/template/bigbazar/shop.html]
[unicoderbd.com/template/bigbazar/wishlist21cc.html]
[unicoderbd.com/template/bigbazar/wishlist48d5.html]
[unicoderbd.com/template/bigbazar/assets/css/category/landing-page.css]
[unicoderbd.com/template/bigbazar/sliderbottom.html]
[unicoderbd.com/template/bigbazar/blog-single.html]
[unicoderbd.com/template/bigbazar/assets/css/category/watches.css]
[unicoderbd.com/template/bigbazar/blog-single-2.html]
[unicoderbd.com/template/bigbazar/assets/css/category/fatloss.css]
[unicoderbd.com/template/bigbazar/assets/css/category/handicruft.css]
[unicoderbd.com/template/bigbazar/assets/css/category/food-corner.css]
[unicoderbd.com/template/bigbazar/assets/css/category/classic.css]
[unicoderbd.com/template/bigbazar/assets/css/category/optical-shop.css]
[unicoderbd.com/template/bigbazar/assets/css/category/furniture-store.css]
[unicoderbd.com/template/bigbazar/assets/css/category/grocery-store.css]
[unicoderbd.com/template/bigbazar/shop-grid-right-sidebar.html]
[unicoderbd.com/template/bigbazar/shop-list-right-sidebar.html]
[unicoderbd.com/template/bigbazar/assets/css/category/women-fashion.css]
[unicoderbd.com/template/bigbazar/assets/css/category/pet-shop.css]
[unicoderbd.com/template/bigbazar/assets/css/category/man-fashion.css]
[unicoderbd.com/template/bigbazar/assets/css/category/electronic.css]
